{
  "event_id": "529f-dece-615e-dipv",
  "client_id": "IPV",
  "timestamp": 1647969131,
  "timestamp_formatted": "2022-03-22T17:12:11.000Z",
  "event_name": "IPV_JOURNEY_START",
  "component_id": "",
  "user": {
    "transaction_id": "4ce55ddb566125f16089d3922807ae1292b2469f5fc7053765f409e136b5a75a",
    "email": "3c2f84fab25565c6d980da1326d5299f064dad98370e9be8eecbbed0a8b69abd",
    "phone": "5715d61310e64882c41d088478a5f540c92f7d3f0806728218fb406257a63c14",
    "ip_address": "181.246.129.108",
    "session_id": "8casd82c",
    "persistent_session_id": "...",
    "govuk_signin_journey_id": "915b-e4a4-6bg2-b8dd",
    "user_id": "user_001"
  },
  "platform": {
    "xray_trace_id": "24727sda4192"
  },
  "restricted": {
    "experian_ref": "b5a4b2d77485e412162153b749565da70b902312c0a90a41e87d538543962156"
  },
  "extensions": {
    "response": "Authentification successful"
  }
}