{
  "event_id": "529f-dece-615e-PASS",
  "client_id": "NO_PASSPORT_CLIENT_ID_YET",
  "timestamp": 1647969131,
  "timestamp_formatted": "2022-03-22T17:12:11.000Z",
  "event_name": "IPV_PASSPORT_CRI_START",
  "component_id": "IPV-Pass",
  "user": {
    "transaction_id": "3b559bc879df6c0581f43df9bb34b74441b6e79b3d92a4aa69b0c203ccddba50",
    "user_id": "urn:uuid:01d3d0b5-0b04-4ead-947f-54152e021a1f",
    "email": "3c2f84fab25565c6d980da1326d5299f064dad98370e9be8eecbbed0a8b69abd",
    "phone": "5715d61310e64882c41d088478a5f540c92f7d3f0806728218fb406257a63c14",
    "ip_address": "181.246.129.108",
    "session_id": "ca554782-8189-4a13-93da-9009244e06e9",
    "persistent_session_id": "...",
    "govuk_signin_journey_id": "915b-e4a4-6bg2-b8dd"
  },
  "platform": {
    "xray_trace_id": "24727sda4192"
  },
  "restricted": {
    "experian_ref": "b5a4b2d77485e412162153b749565da70b902312c0a90a41e87d538543962156"
  },
  "extensions": {
    "response": "Authentification successful"
  }
}